../Core/Src/main.c:80:5:main	8	static
../Core/Src/main.c:144:6:SystemClock_Config	88	static
../Core/Src/main.c:213:6:HAL_TIM_PeriodElapsedCallback	16	static
../Core/Src/main.c:226:13:MX_SPI4_Init	8	static
../Core/Src/main.c:252:13:MX_SPI3_Init	8	static
../Core/Src/main.c:278:13:MX_USART2_UART_Init	8	static
../Core/Src/main.c:298:13:MX_DMA_Init	16	static
../Core/Src/main.c:316:13:MX_GPIO_Init	48	static
../Core/Src/main.c:427:1:__io_putchar	16	static
../Core/Src/main.c:441:6:Error_Handler	4	static,ignoring_inline_asm
