../Core/Src/stm32f4xx_it.c:59:6:SPI1_IRQHandler	8	static
../Core/Src/stm32f4xx_it.c:67:6:HAL_SPI_TxCpltCallback	24	static,ignoring_inline_asm
../Core/Src/stm32f4xx_it.c:76:6:HAL_SPI_RxCpltCallback	24	static,ignoring_inline_asm
../Core/Src/stm32f4xx_it.c:98:6:NMI_Handler	4	static
../Core/Src/stm32f4xx_it.c:113:6:HardFault_Handler	4	static
../Core/Src/stm32f4xx_it.c:128:6:MemManage_Handler	4	static
../Core/Src/stm32f4xx_it.c:143:6:BusFault_Handler	4	static
../Core/Src/stm32f4xx_it.c:158:6:UsageFault_Handler	4	static
../Core/Src/stm32f4xx_it.c:173:6:DebugMon_Handler	4	static
../Core/Src/stm32f4xx_it.c:186:6:SysTick_Handler	8	static
../Core/Src/stm32f4xx_it.c:212:6:EXTI15_10_IRQHandler	16	static,ignoring_inline_asm
../Core/Src/stm32f4xx_it.c:235:6:DMA2_Stream0_IRQHandler	8	static
../Core/Src/stm32f4xx_it.c:249:6:DMA2_Stream2_IRQHandler	8	static
../Core/Src/stm32f4xx_it.c:260:6:DMA2_Stream3_IRQHandler	8	static
