../Drivers/wfx_fmac_driver/sl_wfx_constants.h:137:24:uint16_identity	16	static
../Drivers/wfx_fmac_driver/sl_wfx_constants.h:142:24:uint32_identity	16	static
../Drivers/wfx_fmac_driver/sl_wfx.c:83:13:sl_wfx_init	48	static
../Drivers/wfx_fmac_driver/sl_wfx.c:250:13:sl_wfx_deinit	16	static
../Drivers/wfx_fmac_driver/sl_wfx.c:282:13:sl_wfx_set_mac_address	40	static
../Drivers/wfx_fmac_driver/sl_wfx.c:328:13:sl_wfx_send_join_command	48	static
../Drivers/wfx_fmac_driver/sl_wfx.c:398:13:sl_wfx_send_disconnect_command	16	static
../Drivers/wfx_fmac_driver/sl_wfx.c:429:13:sl_wfx_start_ap_command	48	static
../Drivers/wfx_fmac_driver/sl_wfx.c:502:13:sl_wfx_update_ap_command	48	static
../Drivers/wfx_fmac_driver/sl_wfx.c:550:13:sl_wfx_stop_ap_command	16	static
../Drivers/wfx_fmac_driver/sl_wfx.c:567:13:sl_wfx_send_ethernet_frame	32	static
../Drivers/wfx_fmac_driver/sl_wfx.c:611:13:sl_wfx_send_scan_command	136	static
../Drivers/wfx_fmac_driver/sl_wfx.c:697:13:sl_wfx_send_stop_scan_command	16	static
../Drivers/wfx_fmac_driver/sl_wfx.c:711:13:sl_wfx_get_signal_strength	32	static
../Drivers/wfx_fmac_driver/sl_wfx.c:739:13:sl_wfx_disconnect_ap_client_command	32	static
../Drivers/wfx_fmac_driver/sl_wfx.c:763:13:sl_wfx_set_power_mode	32	static
../Drivers/wfx_fmac_driver/sl_wfx.c:783:13:sl_wfx_add_multicast_address	32	static
../Drivers/wfx_fmac_driver/sl_wfx.c:801:13:sl_wfx_remove_multicast_address	32	static
../Drivers/wfx_fmac_driver/sl_wfx.c:817:13:sl_wfx_set_arp_ip_address	48	static
../Drivers/wfx_fmac_driver/sl_wfx.c:838:13:sl_wfx_set_ns_ip_address	64	static
../Drivers/wfx_fmac_driver/sl_wfx.c:862:13:sl_wfx_set_broadcast_filter	32	static
../Drivers/wfx_fmac_driver/sl_wfx.c:877:13:sl_wfx_set_unicast_filter	32	static
../Drivers/wfx_fmac_driver/sl_wfx.c:893:13:sl_wfx_add_whitelist_address	32	static
../Drivers/wfx_fmac_driver/sl_wfx.c:909:13:sl_wfx_add_blacklist_address	32	static
../Drivers/wfx_fmac_driver/sl_wfx.c:929:13:sl_wfx_set_max_ap_client	32	static
../Drivers/wfx_fmac_driver/sl_wfx.c:948:13:sl_wfx_set_max_ap_client_inactivity	32	static
../Drivers/wfx_fmac_driver/sl_wfx.c:971:13:sl_wfx_set_scan_parameters	32	static
../Drivers/wfx_fmac_driver/sl_wfx.c:999:13:sl_wfx_set_roam_parameters	40	static
../Drivers/wfx_fmac_driver/sl_wfx.c:1057:13:sl_wfx_set_tx_rate_parameters	32	static
../Drivers/wfx_fmac_driver/sl_wfx.c:1077:13:sl_wfx_set_max_tx_power	32	static
../Drivers/wfx_fmac_driver/sl_wfx.c:1098:13:sl_wfx_get_max_tx_power	40	static
../Drivers/wfx_fmac_driver/sl_wfx.c:1130:13:sl_wfx_get_pmk	48	static
../Drivers/wfx_fmac_driver/sl_wfx.c:1164:13:sl_wfx_get_statistics	32	static
../Drivers/wfx_fmac_driver/sl_wfx.c:1204:13:sl_wfx_get_ap_client_signal_strength	40	static
../Drivers/wfx_fmac_driver/sl_wfx.c:1241:13:sl_wfx_ext_auth	40	static
../Drivers/wfx_fmac_driver/sl_wfx.c:1297:13:sl_wfx_set_probe_request_filter	80	static
../Drivers/wfx_fmac_driver/sl_wfx.c:1343:13:sl_wfx_send_configuration	40	static
../Drivers/wfx_fmac_driver/sl_wfx.c:1390:13:sl_wfx_control_gpio	40	static
../Drivers/wfx_fmac_driver/sl_wfx.c:1444:13:sl_wfx_pta_settings	56	static
../Drivers/wfx_fmac_driver/sl_wfx.c:1500:13:sl_wfx_pta_priority	32	static
../Drivers/wfx_fmac_driver/sl_wfx.c:1521:13:sl_wfx_pta_state	32	static
../Drivers/wfx_fmac_driver/sl_wfx.c:1542:13:sl_wfx_set_cca_config	32	static
../Drivers/wfx_fmac_driver/sl_wfx.c:1563:13:sl_wfx_prevent_rollback	32	static
../Drivers/wfx_fmac_driver/sl_wfx.c:1581:13:sl_wfx_shutdown	16	static
../Drivers/wfx_fmac_driver/sl_wfx.c:1629:13:sl_wfx_send_command	40	static
../Drivers/wfx_fmac_driver/sl_wfx.c:1683:13:sl_wfx_send_request	24	static
../Drivers/wfx_fmac_driver/sl_wfx.c:1754:13:sl_wfx_receive_frame	56	static
../Drivers/wfx_fmac_driver/sl_wfx.c:1856:13:sl_wfx_enable_irq	16	static
../Drivers/wfx_fmac_driver/sl_wfx.c:1883:13:sl_wfx_disable_irq	16	static
../Drivers/wfx_fmac_driver/sl_wfx.c:1909:13:sl_wfx_set_access_mode_message	16	static
../Drivers/wfx_fmac_driver/sl_wfx.c:1931:13:sl_wfx_set_wake_up_bit	24	static
../Drivers/wfx_fmac_driver/sl_wfx.c:1960:13:sl_wfx_enable_device_power_save	16	static
../Drivers/wfx_fmac_driver/sl_wfx.c:2010:13:sl_wfx_disable_device_power_save	16	static
../Drivers/wfx_fmac_driver/sl_wfx.c:2064:20:sl_wfx_init_chip	24	static
../Drivers/wfx_fmac_driver/sl_wfx.c:2126:20:sl_wfx_download_run_bootloader	16	static
../Drivers/wfx_fmac_driver/sl_wfx.c:2165:20:sl_wfx_download_run_firmware	56	static
../Drivers/wfx_fmac_driver/sl_wfx.c:2330:20:sl_wfx_poll_for_value	32	static
../Drivers/wfx_fmac_driver/sl_wfx.c:2360:20:sl_wfx_compare_keysets	24	static
../Drivers/wfx_fmac_driver/sl_wfx.c:2390:13:sl_wfx_set_antenna_config	56	static
../Drivers/wfx_fmac_driver/sl_wfx.c:2419:13:sl_wfx_get_hardware_revision_and_type	24	static
../Drivers/wfx_fmac_driver/sl_wfx.c:2440:13:sl_wfx_get_opn	24	static
../Drivers/wfx_fmac_driver/sl_wfx.c:2459:13:sl_wfx_get_status_code	24	static
../Drivers/wfx_fmac_driver/sl_wfx.c:2557:13:sl_wfx_allocate_command_buffer	32	static
../Drivers/wfx_fmac_driver/sl_wfx.c:2606:13:sl_wfx_free_command_buffer	24	static
