../Drivers/wfx_fmac_driver/sl_wfx_host/sl_wfx_host.c:57:13:sl_wfx_host_init	8	static
../Drivers/wfx_fmac_driver/sl_wfx_host/sl_wfx_host.c:72:13:sl_wfx_host_get_firmware_data	16	static
../Drivers/wfx_fmac_driver/sl_wfx_host/sl_wfx_host.c:82:13:sl_wfx_host_get_firmware_size	16	static
../Drivers/wfx_fmac_driver/sl_wfx_host/sl_wfx_host.c:91:13:sl_wfx_host_get_pds_data	16	static
../Drivers/wfx_fmac_driver/sl_wfx_host/sl_wfx_host.c:105:13:sl_wfx_host_get_pds_size	16	static
../Drivers/wfx_fmac_driver/sl_wfx_host/sl_wfx_host.c:120:13:sl_wfx_host_deinit	4	static
../Drivers/wfx_fmac_driver/sl_wfx_host/sl_wfx_host.c:132:13:sl_wfx_host_reset_chip	8	static
../Drivers/wfx_fmac_driver/sl_wfx_host/sl_wfx_host.c:144:13:sl_wfx_host_hold_in_reset	8	static
../Drivers/wfx_fmac_driver/sl_wfx_host/sl_wfx_host.c:153:13:sl_wfx_host_set_wake_up_pin	16	static
../Drivers/wfx_fmac_driver/sl_wfx_host/sl_wfx_host.c:166:13:sl_wfx_host_wait_for_wake_up	8	static
../Drivers/wfx_fmac_driver/sl_wfx_host/sl_wfx_host.c:176:13:sl_wfx_host_sleep_grant	16	static
../Drivers/wfx_fmac_driver/sl_wfx_host/sl_wfx_host.c:186:13:sl_wfx_host_setup_waited_event	16	static
../Drivers/wfx_fmac_driver/sl_wfx_host/sl_wfx_host.c:195:13:sl_wfx_host_wait_for_confirmation	32	static
../Drivers/wfx_fmac_driver/sl_wfx_host/sl_wfx_host.c:221:13:sl_wfx_host_wait	16	static
../Drivers/wfx_fmac_driver/sl_wfx_host/sl_wfx_host.c:230:13:sl_wfx_host_post_event	48	static
../Drivers/wfx_fmac_driver/sl_wfx_host/sl_wfx_host.c:347:13:sl_wfx_host_allocate_buffer	24	static
../Drivers/wfx_fmac_driver/sl_wfx_host/sl_wfx_host.c:358:13:sl_wfx_host_free_buffer	16	static
../Drivers/wfx_fmac_driver/sl_wfx_host/sl_wfx_host.c:367:13:sl_wfx_host_transmit_frame	16	static
../Drivers/wfx_fmac_driver/sl_wfx_host/sl_wfx_host.c:375:6:sl_wfx_host_log	16	static
../Drivers/wfx_fmac_driver/sl_wfx_host/sl_wfx_host.c:387:13:sl_wfx_host_lock	16	static
../Drivers/wfx_fmac_driver/sl_wfx_host/sl_wfx_host.c:405:13:sl_wfx_host_unlock	8	static
../Drivers/wfx_fmac_driver/sl_wfx_host/sl_wfx_host.c:415:6:sl_wfx_scan_result_callback	64	static
../Drivers/wfx_fmac_driver/sl_wfx_host/sl_wfx_host.c:444:6:sl_wfx_scan_complete_callback	24	static
../Drivers/wfx_fmac_driver/sl_wfx_host/sl_wfx_host.c:463:6:sl_wfx_connect_callback	40	static
../Drivers/wfx_fmac_driver/sl_wfx_host/sl_wfx_host.c:534:6:sl_wfx_disconnect_callback	24	static
../Drivers/wfx_fmac_driver/sl_wfx_host/sl_wfx_host.c:553:6:sl_wfx_start_ap_callback	32	static
../Drivers/wfx_fmac_driver/sl_wfx_host/sl_wfx_host.c:580:6:sl_wfx_stop_ap_callback	24	static
../Drivers/wfx_fmac_driver/sl_wfx_host/sl_wfx_host.c:600:6:sl_wfx_ap_client_connected_callback	40	static
../Drivers/wfx_fmac_driver/sl_wfx_host/sl_wfx_host.c:615:6:sl_wfx_ap_client_rejected_callback	56	static
../Drivers/wfx_fmac_driver/sl_wfx_host/sl_wfx_host.c:633:6:sl_wfx_ap_client_disconnected_callback	56	static
../Drivers/wfx_fmac_driver/sl_wfx_host/sl_wfx_host.c:651:6:sl_wfx_ext_auth_callback	24	static
