../Core/Intan/RHS_Driver.c:21:7:binary_string	24	static
../Core/Intan/RHS_Driver.c:36:6:print_debug_binary	16	static
../Core/Intan/RHS_Driver.c:43:6:print_configuration	80	static
../Core/Intan/RHS_Driver.c:84:6:RHS2116_Read_Register	16	static
../Core/Intan/RHS_Driver.c:97:6:RHS2116_Clear_Command	16	static
../Core/Intan/RHS_Driver.c:110:6:RHS2116_Disable_Stim	16	static
../Core/Intan/RHS_Driver.c:123:6:RHS2116_Enable_Stim	16	static
../Core/Intan/RHS_Driver.c:146:6:RHS2116_PowerUp_DCCouple_LowGain_Amp	16	static
../Core/Intan/RHS_Driver.c:159:6:RHS2116_Configure_ADC_Sampling_Rate	16	static
../Core/Intan/RHS_Driver.c:172:6:RHS2116_ADCFormat_DSPSetting_AuxOutput	16	static
../Core/Intan/RHS_Driver.c:193:6:RHS2116_Impedance_Check_Control	16	static
../Core/Intan/RHS_Driver.c:209:6:RHS2116_Impedence_Check_DAC	16	static
../Core/Intan/RHS_Driver.c:223:6:RHS2116_Amplifier_Bandwidth_Select_Upper	16	static
../Core/Intan/RHS_Driver.c:240:6:RHS2116_Amplifier_Bandwidth_Select_Lower	16	static
../Core/Intan/RHS_Driver.c:253:7:RHS2116_Amplifier_Power_Up	16	static
../Core/Intan/RHS_Driver.c:266:6:RHS2116_Fast_Settle	16	static
../Core/Intan/RHS_Driver.c:282:6:RHS2116_Amplifier_Lower_Cutoff	16	static
../Core/Intan/RHS_Driver.c:298:6:RHS2116_Stimulation_Step_Size	16	static
../Core/Intan/RHS_Driver.c:311:6:RHS2116_Stimulation_Bias	16	static
../Core/Intan/RHS_Driver.c:324:6:RHS2116_Voltage_Charge_Recovery	16	static
../Core/Intan/RHS_Driver.c:337:6:RHS2116_Current_Charge_Recovery	16	static
../Core/Intan/RHS_Driver.c:350:6:RHS2116_Stimulation_Turn_ON_OFF	16	static
../Core/Intan/RHS_Driver.c:364:6:RHS2116_Stimulator_Polarity	16	static
../Core/Intan/RHS_Driver.c:378:6:RHS2116_Charge_Recovery_Switches	16	static
../Core/Intan/RHS_Driver.c:392:6:RHS2116_Current_Limited_Charge_Recovery	16	static
../Core/Intan/RHS_Driver.c:406:6:RHS2116_Negative_Stimulation_Current_Magnitude	64	static
../Core/Intan/RHS_Driver.c:430:6:RHS2116_Positive_Stimulation_Current_Magnitude	64	static
../Core/Intan/RHS_Driver.c:453:6:RHS2116_Read_INTAN	16	static
../Core/Intan/RHS_Driver.c:511:10:RHS2116_Read_NumChannel_DieRevision	24	static
../Core/Intan/RHS_Driver.c:552:9:RHS2116_Read_Chip_ID	24	static
../Core/Intan/RHS_Driver.c:593:6:RHS2116_Convert_Register	24	static
../Core/Intan/RHS_Driver.c:622:6:INIT_RHS	120	static
