../Core/Intan/RHS_Driver.c:28:7:binary_string	24	static
../Core/Intan/RHS_Driver.c:43:6:print_debug_binary	16	static
../Core/Intan/RHS_Driver.c:50:6:print_configuration	80	static
../Core/Intan/RHS_Driver.c:91:6:RHS2116_Read_Register	16	static
../Core/Intan/RHS_Driver.c:104:6:RHS2116_Clear_Command	16	static
../Core/Intan/RHS_Driver.c:117:6:RHS2116_Disable_Stim	16	static
../Core/Intan/RHS_Driver.c:130:6:RHS2116_Enable_Stim	16	static
../Core/Intan/RHS_Driver.c:153:6:RHS2116_PowerUp_DCCouple_LowGain_Amp	16	static
../Core/Intan/RHS_Driver.c:166:6:RHS2116_Configure_ADC_Sampling_Rate	16	static
../Core/Intan/RHS_Driver.c:179:6:RHS2116_ADCFormat_DSPSetting_AuxOutput	16	static
../Core/Intan/RHS_Driver.c:200:6:RHS2116_Impedance_Check_Control	16	static
../Core/Intan/RHS_Driver.c:216:6:RHS2116_Impedence_Check_DAC	16	static
../Core/Intan/RHS_Driver.c:230:6:RHS2116_Amplifier_Bandwidth_Select_Upper	16	static
../Core/Intan/RHS_Driver.c:247:6:RHS2116_Amplifier_Bandwidth_Select_Lower	16	static
../Core/Intan/RHS_Driver.c:260:7:RHS2116_Amplifier_Power_Up	16	static
../Core/Intan/RHS_Driver.c:273:6:RHS2116_Fast_Settle	16	static
../Core/Intan/RHS_Driver.c:289:6:RHS2116_Amplifier_Lower_Cutoff	16	static
../Core/Intan/RHS_Driver.c:305:6:RHS2116_Stimulation_Step_Size	16	static
../Core/Intan/RHS_Driver.c:318:6:RHS2116_Stimulation_Bias	16	static
../Core/Intan/RHS_Driver.c:331:6:RHS2116_Voltage_Charge_Recovery	16	static
../Core/Intan/RHS_Driver.c:344:6:RHS2116_Current_Charge_Recovery	16	static
../Core/Intan/RHS_Driver.c:357:6:RHS2116_Stimulation_Turn_ON_OFF	16	static
../Core/Intan/RHS_Driver.c:371:6:RHS2116_Stimulator_Polarity	16	static
../Core/Intan/RHS_Driver.c:385:6:RHS2116_Charge_Recovery_Switches	16	static
../Core/Intan/RHS_Driver.c:399:6:RHS2116_Current_Limited_Charge_Recovery	16	static
../Core/Intan/RHS_Driver.c:413:6:RHS2116_Negative_Stimulation_Current_Magnitude	64	static
../Core/Intan/RHS_Driver.c:459:6:RHS2116_Positive_Stimulation_Current_Magnitude	64	static
../Core/Intan/RHS_Driver.c:503:6:RHS2116_Read_INTAN	16	static
../Core/Intan/RHS_Driver.c:561:10:RHS2116_Read_NumChannel_DieRevision	24	static
../Core/Intan/RHS_Driver.c:602:9:RHS2116_Read_Chip_ID	24	static
../Core/Intan/RHS_Driver.c:640:6:RHS2116_Convert_Register	24	static
../Core/Intan/RHS_Driver.c:669:6:HAL_TIM_PeriodElapsedCallback	16	static
../Core/Intan/RHS_Driver.c:678:6:wait_blocking_us	24	static
../Core/Intan/RHS_Driver.c:688:10:RHS2116_convert_one_channel	24	static
../Core/Intan/RHS_Driver.c:700:9:RHS2116_Electrode_Impedance_Test	168	static
../Core/Intan/RHS_Driver.c:834:6:_RHS2116_setup_stimulation	48	static
../Core/Intan/RHS_Driver.c:985:6:RHS2116_setup_stim_pattern	24	static
../Core/Intan/RHS_Driver.c:1002:6:RHS2116_Run_Stimulation_Pattern	32	static
../Core/Intan/RHS_Driver.c:1016:6:RHS2116_update_stim_output_periodic_call	24	static
../Core/Intan/RHS_Driver.c:1088:6:RHS2116_start_stim_pattern_single_shot	16	static
../Core/Intan/RHS_Driver.c:1097:6:RHS2116_start_stim_pattern	16	static
../Core/Intan/RHS_Driver.c:1105:6:RHS2116_stop_stim_pattern	16	static
../Core/Intan/RHS_Driver.c:1112:6:RHS2116_Toggle_LED_Warning	16	static
../Core/Intan/RHS_Driver.c:1123:6:RHS2116_MEP_Config_Params	16	static
../Core/Intan/RHS_Driver.c:1136:6:RHS2116_MEP_Run_Stimulation	88	static
../Core/Intan/RHS_Driver.c:1203:10:INIT_RHS	120	static
