../Core/Inc/rhdinterface.h:133:20:write_pin	24	static
../Core/Inc/userfunctions.h:84:20:wait_ms	16	static
../Core/Inc/userfunctions.h:95:20:enable_interrupt_timer	16	static
../Core/Src/main.c:108:5:main	304	static
../Core/Src/main.c:232:6:SystemClock_Config	128	static
../Core/Src/main.c:284:13:SystemPower_Config	8	static
../Core/Src/main.c:309:13:MX_GPDMA1_Init	16	static
../Core/Src/main.c:341:13:MX_ICACHE_Init	8	static
../Core/Src/main.c:373:13:MX_SPI3_Init	24	static
../Core/Src/main.c:430:13:MX_TIM3_Init	48	static
../Core/Src/main.c:478:13:MX_USART1_UART_Init	8	static
../Core/Src/main.c:528:13:MX_USART2_UART_Init	8	static
../Core/Src/main.c:576:13:MX_GPIO_Init	56	static
../Core/Src/main.c:692:6:Error_Handler	4	static,ignoring_inline_asm
