../Core/Inc/rhdinterface.h:139:20:write_pin	24	static
../Core/Src/rhdinterface.c:72:6:sample_interrupt_routine	8	static
../Core/Src/rhdinterface.c:108:6:transfer_sequence_spi_dma	16	static
../Core/Src/rhdinterface.c:137:6:allocate_sample_memory	16	static
../Core/Src/rhdinterface.c:147:6:free_sample_memory	8	static
../Core/Src/rhdinterface.c:159:6:initialize_spi_with_dma	4	static
../Core/Src/rhdinterface.c:205:6:end_spi_with_dma	4	static
../Core/Src/rhdinterface.c:218:6:handle_comm_error	24	static
../Core/Src/rhdinterface.c:241:6:spi_txrx_cplt_callback	8	static
../Core/Src/rhdinterface.c:269:6:spi_error_callback	4	static
../Core/Src/rhdinterface.c:278:6:write_initial_reg_values	64	static
../Core/Src/rhdinterface.c:311:8:calculate_sample_rate	56	static
../Core/Src/rhdinterface.c:348:6:create_convert_sequence	24	static
../Core/Src/rhdinterface.c:376:5:create_command_list_RHD_register_config	48	static
../Core/Src/rhdinterface.c:449:5:create_command_list_RHD_sample_aux_ins	32	static
../Core/Src/rhdinterface.c:478:5:create_command_list_RHD_update_DigOut	40	static
../Core/Src/rhdinterface.c:494:5:create_command_list_dummy	32	static
../Core/Src/rhdinterface.c:509:5:create_command_list_zcheck_DAC	72	static
../Core/Src/rhdinterface.c:554:6:send_spi_command	24	static
../Core/Src/rhdinterface.c:563:6:send_receive_spi_command	16	static
../Core/Src/rhdinterface.c:582:6:HAL_SPI_TxRxCpltCallback	16	static
../Core/Src/rhdinterface.c:591:6:HAL_SPI_ErrorCallback	16	static
../Core/Src/rhdinterface.c:598:6:HAL_UART_TxCpltCallback	16	static
