../Core/Src/userfunctions.c:40:5:loop_escape	4	static
../Core/Src/userfunctions.c:53:6:write_data_to_memory	4	static
../Core/Src/userfunctions.c:77:6:transmit_data_realtime	16	static
../Core/Src/userfunctions.c:118:6:transmit_data_offline	32	static
../Core/Src/userfunctions.c:172:6:configure_registers	16	static
../Core/Src/userfunctions.c:195:6:configure_convert_commands	8	static
../Core/Src/userfunctions.c:213:6:configure_aux_commands	16	static
../Core/Src/userfunctions.c:252:6:transmit_dma_to_usart	16	static
