../Core/Src/main.c:109:5:main	32	static
../Core/Src/main.c:226:6:SystemClock_Config	88	static
../Core/Src/main.c:273:13:MX_SPI1_Init	8	static
../Core/Src/main.c:306:13:SPI4_Master_Init	32	static
../Core/Src/main.c:338:13:SPI4_Slave_Init	32	static
../Core/Src/main.c:368:13:MX_USART2_UART_Init	8	static
../Core/Src/main.c:399:13:MX_DMA_Init	16	static
../Core/Src/main.c:426:13:MX_GPIO_Init	48	static
../Core/Src/main.c:467:6:HAL_SPI_TxRxCpltCallback	16	static
../Core/Src/main.c:487:1:__io_putchar	16	static
../Core/Src/main.c:503:6:Error_Handler	4	static,ignoring_inline_asm
