../Drivers/CMSIS/Include/core_cm4.h:1938:34:__NVIC_SystemReset	4	static,ignoring_inline_asm
../Core/Src/main.c:103:5:main	16	static
../Core/Src/main.c:205:6:SystemClock_Config	88	static
../Core/Src/main.c:268:13:MX_SPI1_Init	8	static
../Core/Src/main.c:305:13:SPI4_Master_Init	32	static
../Core/Src/main.c:336:13:SPI4_Slave_Init	32	static
../Core/Src/main.c:365:13:MX_DMA_Init	16	static
../Core/Src/main.c:387:6:HAL_GPIO_EXTI_Callback	16	static
../Core/Src/main.c:400:13:MX_GPIO_Init	40	static
../Core/Src/main.c:447:6:HAL_SPI_TxRxCpltCallback	16	static
../Core/Src/main.c:470:13:Init_Intan	16	static
../Core/Src/main.c:510:13:Reset_All_SPI_Links	8	static
../Core/Src/main.c:540:13:Prepare_nRF_Frame	8	static
../Core/Src/main.c:565:6:Error_Handler	4	static,ignoring_inline_asm
