../Core/Src/main.c:100:5:main	24	static
../Core/Src/main.c:237:6:SystemClock_Config	88	static
../Core/Src/main.c:300:13:MX_SPI1_Init	8	static
../Core/Src/main.c:337:13:SPI4_Master_Init	32	static
../Core/Src/main.c:368:13:SPI4_Slave_Init	32	static
../Core/Src/main.c:397:13:MX_DMA_Init	16	static
../Core/Src/main.c:424:13:MX_GPIO_Init	40	static
../Core/Src/main.c:461:6:HAL_SPI_TxRxCpltCallback	16	static
../Core/Src/main.c:484:13:Prepare_nRF_Frame	8	static
../Core/Src/main.c:509:6:Error_Handler	4	static,ignoring_inline_asm
