../Core/Intan/RHS_Driver.c:23:7:binary_string	24	static
../Core/Intan/RHS_Driver.c:38:6:print_debug_binary	16	static
../Core/Intan/RHS_Driver.c:45:6:print_configuration	80	static
../Core/Intan/RHS_Driver.c:86:6:RHS2116_Read_Register	16	static
../Core/Intan/RHS_Driver.c:99:6:RHS2116_Clear_Command	16	static
../Core/Intan/RHS_Driver.c:112:6:RHS2116_Disable_Stim	16	static
../Core/Intan/RHS_Driver.c:125:6:RHS2116_Enable_Stim	16	static
../Core/Intan/RHS_Driver.c:148:6:RHS2116_PowerUp_DCCouple_LowGain_Amp	16	static
../Core/Intan/RHS_Driver.c:161:6:RHS2116_Configure_ADC_Sampling_Rate	16	static
../Core/Intan/RHS_Driver.c:174:6:RHS2116_ADCFormat_DSPSetting_AuxOutput	16	static
../Core/Intan/RHS_Driver.c:195:6:RHS2116_Impedance_Check_Control	16	static
../Core/Intan/RHS_Driver.c:211:6:RHS2116_Impedence_Check_DAC	16	static
../Core/Intan/RHS_Driver.c:225:6:RHS2116_Amplifier_Bandwidth_Select_Upper	16	static
../Core/Intan/RHS_Driver.c:242:6:RHS2116_Amplifier_Bandwidth_Select_Lower	16	static
../Core/Intan/RHS_Driver.c:255:7:RHS2116_Amplifier_Power_Up	16	static
../Core/Intan/RHS_Driver.c:268:6:RHS2116_Fast_Settle	16	static
../Core/Intan/RHS_Driver.c:284:6:RHS2116_Amplifier_Lower_Cutoff	16	static
../Core/Intan/RHS_Driver.c:300:6:RHS2116_Stimulation_Step_Size	16	static
../Core/Intan/RHS_Driver.c:313:6:RHS2116_Stimulation_Bias	16	static
../Core/Intan/RHS_Driver.c:326:6:RHS2116_Voltage_Charge_Recovery	16	static
../Core/Intan/RHS_Driver.c:339:6:RHS2116_Current_Charge_Recovery	16	static
../Core/Intan/RHS_Driver.c:352:6:RHS2116_Stimulation_Turn_ON_OFF	16	static
../Core/Intan/RHS_Driver.c:366:6:RHS2116_Stimulator_Polarity	16	static
../Core/Intan/RHS_Driver.c:380:6:RHS2116_Charge_Recovery_Switches	16	static
../Core/Intan/RHS_Driver.c:394:6:RHS2116_Current_Limited_Charge_Recovery	16	static
../Core/Intan/RHS_Driver.c:408:6:RHS2116_Negative_Stimulation_Current_Magnitude	64	static
../Core/Intan/RHS_Driver.c:432:6:RHS2116_Positive_Stimulation_Current_Magnitude	64	static
../Core/Intan/RHS_Driver.c:455:6:RHS2116_Read_INTAN	16	static
../Core/Intan/RHS_Driver.c:513:10:RHS2116_Read_NumChannel_DieRevision	24	static
../Core/Intan/RHS_Driver.c:554:9:RHS2116_Read_Chip_ID	24	static
../Core/Intan/RHS_Driver.c:595:6:RHS2116_Convert_Register	24	static
../Core/Intan/RHS_Driver.c:624:6:INIT_RHS	120	static
