../Drivers/wfx_fmac_driver/sl_wfx_host/sl_wfx_host_spi.c:32:13:sl_wfx_host_init_bus	8	static
../Drivers/wfx_fmac_driver/sl_wfx_host/sl_wfx_host_spi.c:45:13:sl_wfx_host_deinit_bus	8	static
../Drivers/wfx_fmac_driver/sl_wfx_host/sl_wfx_host_spi.c:57:13:sl_wfx_host_spi_cs_assert	8	static
../Drivers/wfx_fmac_driver/sl_wfx_host/sl_wfx_host_spi.c:65:13:sl_wfx_host_spi_cs_deassert	8	static
../Drivers/wfx_fmac_driver/sl_wfx_host/sl_wfx_host_spi.c:73:13:sl_wfx_host_spi_transfer_no_cs_assert	32	static
../Drivers/wfx_fmac_driver/sl_wfx_host/sl_wfx_host_spi.c:107:13:sl_wfx_host_enable_platform_interrupt	8	static
../Drivers/wfx_fmac_driver/sl_wfx_host/sl_wfx_host_spi.c:117:13:sl_wfx_host_disable_platform_interrupt	8	static
../Drivers/wfx_fmac_driver/sl_wfx_host/sl_wfx_host_spi.c:125:13:MX_SPI1_Init	8	static
../Drivers/wfx_fmac_driver/sl_wfx_host/sl_wfx_host_spi.c:148:13:MX_SPI1_DeInit	8	static
