../Core/Src/dhcp_server.c:59:6:dhcpserver_remove_mac	24	static
../Core/Src/dhcp_server.c:78:13:dhcpserver_save_mac	24	static
../Core/Src/dhcp_server.c:104:11:dhcpserver_get_ip	24	static
../Core/Src/dhcp_server.c:128:6:dhcpserver_get_mac	16	static
../Core/Src/dhcp_server.c:141:6:dhcpserver_clear_stored_mac	16	static
../Core/Src/dhcp_server.c:161:17:dhcpserver_find_requested_ip	32	static
../Core/Src/dhcp_server.c:190:13:dhcpserver_fn	56	static
../Core/Src/dhcp_server.c:468:13:dhcpserver_start_prv	24	static
../Core/Src/dhcp_server.c:495:6:dhcpserver_start	8	static
../Core/Src/dhcp_server.c:503:13:dhcpserver_stop_prv	16	static
../Core/Src/dhcp_server.c:515:6:dhcpserver_stop	8	static
