../Core/Src/stm32f4xx_it.c:53:6:SPI1_IRQHandler	8	static
../Core/Src/stm32f4xx_it.c:61:6:HAL_SPI_TxCpltCallback	24	static,ignoring_inline_asm
../Core/Src/stm32f4xx_it.c:70:6:HAL_SPI_RxCpltCallback	24	static,ignoring_inline_asm
../Core/Src/stm32f4xx_it.c:86:6:NMI_Handler	4	static
../Core/Src/stm32f4xx_it.c:101:6:HardFault_Handler	4	static
../Core/Src/stm32f4xx_it.c:116:6:MemManage_Handler	4	static
../Core/Src/stm32f4xx_it.c:131:6:BusFault_Handler	4	static
../Core/Src/stm32f4xx_it.c:146:6:UsageFault_Handler	4	static
../Core/Src/stm32f4xx_it.c:161:6:DebugMon_Handler	4	static
../Core/Src/stm32f4xx_it.c:174:6:SysTick_Handler	8	static
../Core/Src/stm32f4xx_it.c:200:6:EXTI15_10_IRQHandler	16	static,ignoring_inline_asm
../Core/Src/stm32f4xx_it.c:223:6:DMA2_Stream0_IRQHandler	8	static
../Core/Src/stm32f4xx_it.c:237:6:DMA2_Stream2_IRQHandler	8	static
