../Core/Inc/rhdinterface.h:139:20:write_pin	24	static
../Core/Inc/userfunctions.h:84:20:wait_ms	16	static
../Core/Inc/userfunctions.h:95:20:enable_interrupt_timer	16	static
../Core/Src/main.c:110:5:main	440	static
../Core/Src/main.c:240:6:SystemClock_Config	128	static
../Core/Src/main.c:296:13:SystemPower_Config	8	static
../Core/Src/main.c:321:13:MX_GPDMA1_Init	16	static
../Core/Src/main.c:353:13:MX_ICACHE_Init	8	static
../Core/Src/main.c:385:13:MX_SPI1_Init	24	static
../Core/Src/main.c:441:13:MX_SPI3_Init	24	static
../Core/Src/main.c:498:13:MX_TIM1_Init	120	static
../Core/Src/main.c:588:13:MX_TIM3_Init	48	static
../Core/Src/main.c:636:13:MX_USART1_UART_Init	8	static
../Core/Src/main.c:684:13:MX_GPIO_Init	56	static
../Core/Src/main.c:806:6:Error_Handler	4	static,ignoring_inline_asm
