../Core/Src/stm32u5xx_it.c:107:6:NMI_Handler	4	static
../Core/Src/stm32u5xx_it.c:122:6:HardFault_Handler	4	static
../Core/Src/stm32u5xx_it.c:137:6:MemManage_Handler	4	static
../Core/Src/stm32u5xx_it.c:152:6:BusFault_Handler	4	static
../Core/Src/stm32u5xx_it.c:167:6:UsageFault_Handler	4	static
../Core/Src/stm32u5xx_it.c:182:6:SVC_Handler	4	static
../Core/Src/stm32u5xx_it.c:195:6:DebugMon_Handler	4	static
../Core/Src/stm32u5xx_it.c:208:6:PendSV_Handler	4	static
../Core/Src/stm32u5xx_it.c:221:6:SysTick_Handler	8	static
../Core/Src/stm32u5xx_it.c:242:6:GPDMA1_Channel0_IRQHandler	8	static
../Core/Src/stm32u5xx_it.c:258:6:TIM3_IRQHandler	8	static
../Core/Src/stm32u5xx_it.c:276:6:SPI1_IRQHandler	8	static
../Core/Src/stm32u5xx_it.c:292:6:USART1_IRQHandler	8	static
../Core/Src/stm32u5xx_it.c:308:6:GPDMA1_Channel12_IRQHandler	8	static
../Core/Src/stm32u5xx_it.c:324:6:GPDMA1_Channel13_IRQHandler	8	static
../Core/Src/stm32u5xx_it.c:340:6:SPI3_IRQHandler	8	static
../Core/Src/stm32u5xx_it.c:358:6:HAL_TIM_PeriodElapsedCallback	16	static
