../Core/Src/stm32u5xx_hal_msp.c:71:6:HAL_MspInit	8	static
../Core/Src/stm32u5xx_hal_msp.c:93:6:HAL_SPI_MspInit	296	static
../Core/Src/stm32u5xx_hal_msp.c:254:6:HAL_SPI_MspDeInit	8	static
../Core/Src/stm32u5xx_hal_msp.c:317:6:HAL_TIM_Base_MspInit	40	static
../Core/Src/stm32u5xx_hal_msp.c:353:6:HAL_TIM_OC_MspInit	16	static
../Core/Src/stm32u5xx_hal_msp.c:373:6:HAL_TIM_MspPostInit	32	static
../Core/Src/stm32u5xx_hal_msp.c:405:6:HAL_TIM_Base_MspDeInit	0	static
../Core/Src/stm32u5xx_hal_msp.c:434:6:HAL_TIM_OC_MspDeInit	0	static
../Core/Src/stm32u5xx_hal_msp.c:459:6:HAL_UART_MspInit	272	static
../Core/Src/stm32u5xx_hal_msp.c:545:6:HAL_UART_MspDeInit	8	static
