../Core/Src/rhdinterface.c:237:6:handle_comm_error.part.0	8	static
../Core/Src/rhdinterface.c:113:6:cycle_aux_commands	0	static
../Core/Src/rhdinterface.c:131:6:transfer_sequence_spi_dma	8	static
../Core/Src/rhdinterface.c:72:6:sample_interrupt_routine	16	static
../Core/Src/rhdinterface.c:164:6:free_sample_memory	0	static
../Core/Src/rhdinterface.c:176:6:initialize_spi_with_dma	0	static
../Core/Src/rhdinterface.c:223:6:end_spi_with_dma	0	static
../Core/Src/rhdinterface.c:237:6:handle_comm_error	8	static
../Core/Src/rhdinterface.c:261:6:spi_txrx_cplt_callback	8	static
../Core/Src/rhdinterface.c:290:6:spi_error_callback	0	static
../Core/Src/rhdinterface.c:333:8:calculate_sample_rate	32	static
../Core/Src/rhdinterface.c:154:6:allocate_sample_memory	8	static
../Core/Src/rhdinterface.c:370:6:create_convert_sequence	16	static
../Core/Src/rhdinterface.c:393:5:create_command_list_RHD_register_config	48	static
../Core/Src/rhdinterface.c:467:5:create_command_list_RHD_sample_aux_ins	32	static
../Core/Src/rhdinterface.c:497:5:create_command_list_RHD_update_DigOut	24	static
../Core/Src/rhdinterface.c:513:5:create_command_list_dummy	0	static
../Core/Src/rhdinterface.c:529:5:create_command_list_zcheck_DAC	48	static
../Core/Src/rhdinterface.c:585:6:send_receive_spi_command	16	static
../Core/Src/rhdinterface.c:575:6:send_spi_command	16	static
../Core/Src/rhdinterface.c:300:6:write_initial_reg_values	64	static
../Core/Src/rhdinterface.c:605:6:HAL_SPI_TxRxCpltCallback	0	static
../Core/Src/rhdinterface.c:614:6:HAL_SPI_ErrorCallback	0	static
../Core/Src/rhdinterface.c:621:6:HAL_UART_TxCpltCallback	0	static
