../Core/Src/userfunctions.c:38:5:loop_escape	0	static
../Core/Src/userfunctions.c:51:6:write_data_to_memory	12	static
../Core/Src/userfunctions.c:70:6:transmit_data_realtime	0	static
../Core/Src/userfunctions.c:139:6:configure_registers	0	static
../Core/Src/userfunctions.c:162:6:configure_convert_commands	0	static
../Core/Src/userfunctions.c:180:6:configure_aux_commands	16	static
../Core/Src/userfunctions.c:215:6:transmit_dma_to_usart	8	static
../Core/Src/userfunctions.c:97:6:transmit_data_offline	24	static
