
                         Lattice Mapping Report File

Design:  top_level
Family:  iCE40UP
Device:  iCE40UP5K
Package: SG48
Performance Grade:  High-Performance_1.2V

Mapper:    version Radiant Software (64-bit) 2023.2.1.288.0
Mapped on: Tue Aug 11 17:00:54 2026

Design Information
------------------

Command line:   map -i FPGA_Intan_Driver_impl_1_syn.udb -pdc
     C:/Users/david/Desktop/WiFi Headstage/WiFiHeadstage
     V2/FPGA/FPGA_RHS_Driver/Constrain.pdc -o FPGA_Intan_Driver_impl_1_map.udb
     -mp FPGA_Intan_Driver_impl_1.mrp -hierrpt -gui -msgset
     C:/Users/david/Desktop/WiFi Headstage/WiFiHeadstage
     V2/FPGA/FPGA_RHS_Driver/promote.xml

Design Summary
--------------

   Number of slice registers: 2082 out of  5280 (39%)
   Number of I/O registers:      0 out of   117 (0%)
   Number of LUT4s:           3288 out of  5280 (62%)
      Number of logic LUT4s:             1314
      Number of inserted feedthru LUT4s: 1652
      Number of replicated LUT4s:         58
      Number of ripple logic:            132 (264 LUT4s)
   Number of IO sites used:   33 out of 39 (85%)
      Number of IO sites used for general PIO: 30
      Number of IO sites used for I3C: 0 out of 2 (0%)
      (note: If I3C is not used, its site can be used as general PIO)
      Number of IO sites used for PIO+I3C: 30 out of 36 (83%)
      Number of IO sites used for OD+RGB IO buffers: 3 out of 3 (100%)
      (note: If RGB LED drivers are not used, sites can be used as OD outputs,
       see TN1288 iCE40 LED Driver Usage Guide)
      Number of IO sites used for PIO+I3C+OD+RGB: 33 out of 39 (85%)
   Number of DSPs:             0 out of 8 (0%)
   Number of I2Cs:             0 out of 2 (0%)
   Number of High Speed OSCs:  0 out of 1 (0%)
   Number of Low Speed OSCs:   0 out of 1 (0%)
   Number of RGB PWM:          0 out of 1 (0%)
   Number of RGB Drivers:      0 out of 1 (0%)
   Number of SCL FILTERs:      0 out of 2 (0%)
   Number of SRAMs:            0 out of 4 (0%)
   Number of WARMBOOTs:        0 out of 1 (0%)
   Number of SPIs:             0 out of 2 (0%)
   Number of EBRs:             1 out of 30 (3%)
   Number of PLLs:             1 out of 1 (100%)
   Number of Clocks:  2
      Net pll_clk_int: 2071 loads, 2071 rising, 0 falling (Driver: Pin
     pll_inst.lscc_pll_inst.u_PLL_B/OUTGLOBAL)
      Net i_clk_c: 1 loads, 1 rising, 0 falling (Driver: Port i_clk)
   Number of Clock Enables:  88
      Net VCC_net: 2 loads, 0 SLICEs
      Net n25: 1 loads, 1 SLICEs
      Net n33462: 4 loads, 4 SLICEs
      Net n3: 1 loads, 1 SLICEs

                                    Page 1





Design Summary (cont)
---------------------
      Net Controller_inst.n33122: 9 loads, 9 SLICEs
      Net Controller_inst.n31399: 15 loads, 15 SLICEs
      Net Controller_inst.n19746: 512 loads, 512 SLICEs
      Net Controller_inst.n4_c: 32 loads, 32 SLICEs
      Net Controller_inst.n12278: 5 loads, 5 SLICEs
      Net Controller_inst.n34485: 19 loads, 19 SLICEs
      Net Controller_inst.n32047: 4 loads, 4 SLICEs
      Net Controller_inst.n32761: 31 loads, 31 SLICEs
      Net Controller_inst.n32009: 4 loads, 4 SLICEs
      Net Controller_inst.n33649: 5 loads, 5 SLICEs
      Net Controller_inst.n33451: 24 loads, 24 SLICEs
      Net Controller_inst.n19744: 3 loads, 3 SLICEs
      Net Controller_inst.n45768: 1 loads, 1 SLICEs
      Net Controller_inst.n45766: 1 loads, 1 SLICEs
      Net Controller_inst.n45070: 1 loads, 1 SLICEs
      Net Controller_inst.int_RHS_READ_TX_DV: 4 loads, 4 SLICEs
      Net Controller_inst.int_STM32_TX_DV: 512 loads, 512 SLICEs
      Net Controller_inst.int_STM32_TX_Ready_N_2194: 1 loads, 1 SLICEs
      Net Controller_inst.n45769: 1 loads, 1 SLICEs
      Net Controller_inst.n8_adj_2277: 2 loads, 2 SLICEs
      Net Controller_inst.n32011: 15 loads, 15 SLICEs
      Net Controller_inst.n32181: 15 loads, 15 SLICEs
      Net Controller_inst.n32040: 15 loads, 15 SLICEs
      Net Controller_inst.n32691: 15 loads, 15 SLICEs
      Net Controller_inst.n32301: 15 loads, 15 SLICEs
      Net Controller_inst.n32631: 15 loads, 15 SLICEs
      Net Controller_inst.n32601: 15 loads, 15 SLICEs
      Net Controller_inst.n32571: 15 loads, 15 SLICEs
      Net Controller_inst.n32511: 15 loads, 15 SLICEs
      Net Controller_inst.n32481: 15 loads, 15 SLICEs
      Net Controller_inst.n32421: 15 loads, 15 SLICEs
      Net Controller_inst.n32451: 15 loads, 15 SLICEs
      Net Controller_inst.n32391: 15 loads, 15 SLICEs
      Net Controller_inst.n32541: 15 loads, 15 SLICEs
      Net Controller_inst.n32361: 15 loads, 15 SLICEs
      Net Controller_inst.n32331: 15 loads, 15 SLICEs
      Net Controller_inst.n32661: 15 loads, 15 SLICEs
      Net Controller_inst.n32271: 15 loads, 15 SLICEs
      Net Controller_inst.n14471: 6 loads, 6 SLICEs
      Net Controller_inst.n31429: 15 loads, 15 SLICEs
      Net Controller_inst.n14433: 4 loads, 4 SLICEs
      Net Controller_inst.n33498: 1 loads, 1 SLICEs
      Net Controller_inst.n31279: 15 loads, 15 SLICEs
      Net Controller_inst.n39617: 1 loads, 1 SLICEs
      Net Controller_inst.n31369: 15 loads, 15 SLICEs
      Net Controller_inst.n31339: 15 loads, 15 SLICEs
      Net Controller_inst.n31309: 15 loads, 15 SLICEs
      Net Controller_inst.n31249: 15 loads, 15 SLICEs
      Net Controller_inst.n31219: 15 loads, 15 SLICEs
      Net Controller_inst.n31189: 15 loads, 15 SLICEs
      Net Controller_inst.n32069: 15 loads, 15 SLICEs
      Net Controller_inst.n32038: 15 loads, 15 SLICEs
      Net Controller_inst.n32151: 15 loads, 15 SLICEs
      Net Controller_inst.n32211: 15 loads, 15 SLICEs
      Net Controller_inst.n32241: 15 loads, 15 SLICEs
      Net Controller_inst.int_RHS_STIM_TX_DV: 24 loads, 24 SLICEs
      Net Controller_inst.n45252: 1 loads, 1 SLICEs

                                    Page 2





Design Summary (cont)
---------------------
      Net Controller_inst.SPI_Master_CS_STM32_1.n33565: 10 loads, 10 SLICEs
      Net Controller_inst.SPI_Master_CS_STM32_1.n33626: 8 loads, 8 SLICEs
      Net Controller_inst.SPI_Master_CS_STM32_1.n33479: 1 loads, 1 SLICEs
      Net Controller_inst.SPI_Master_CS_STM32_1.SPI_Master_1.n45786: 1 loads, 1
     SLICEs
      Net Controller_inst.SPI_Master_CS_STM32_1.SPI_Master_1.n33475: 1 loads, 1
     SLICEs
      Net Controller_inst.SPI_Master_CS_STM32_1.SPI_Master_1.n33610: 8 loads, 8
     SLICEs
      Net Controller_inst.SPI_Master_CS_STM32_1.SPI_Master_1.n38537: 11 loads,
     11 SLICEs
      Net Controller_inst.Controller_RHD_FIFO_2.SPI_Master_CS_1.n33564: 6 loads,
     6 SLICEs
      Net Controller_inst.Controller_RHD_FIFO_2.SPI_Master_CS_1.n33594: 8 loads,
     8 SLICEs
      Net Controller_inst.Controller_RHD_FIFO_2.SPI_Master_CS_1.n46488: 1 loads,
     1 SLICEs
      Net Controller_inst.Controller_RHD_FIFO_2.SPI_Master_CS_1.n25276: 1 loads,
     1 SLICEs
      Net
     Controller_inst.Controller_RHD_FIFO_2.SPI_Master_CS_1.SPI_Master_1.n33466:
     1 loads, 1 SLICEs
      Net
     Controller_inst.Controller_RHD_FIFO_2.SPI_Master_CS_1.SPI_Master_1.n33561:
     4 loads, 4 SLICEs
      Net
     Controller_inst.Controller_RHD_FIFO_2.SPI_Master_CS_1.SPI_Master_1.n37341:
     7 loads, 7 SLICEs
      Net Controller_inst.Controller_RHD_FIFO_1.n14481: 16 loads, 16 SLICEs
      Net Controller_inst.Controller_RHD_FIFO_1.SPI_Master_CS_1.n33563: 5 loads,
     5 SLICEs
      Net Controller_inst.Controller_RHD_FIFO_1.SPI_Master_CS_1.n33580: 8 loads,
     8 SLICEs
      Net Controller_inst.Controller_RHD_FIFO_1.SPI_Master_CS_1.n33470: 1 loads,
     1 SLICEs
      Net Controller_inst.Controller_RHD_FIFO_1.SPI_Master_CS_1.int_RHS_READ_TX_
     Ready_N_2191: 1 loads, 1 SLICEs
      Net
     Controller_inst.Controller_RHD_FIFO_1.SPI_Master_CS_1.SPI_Master_1.n33464:
     1 loads, 1 SLICEs
      Net
     Controller_inst.Controller_RHD_FIFO_1.SPI_Master_CS_1.SPI_Master_1.n34443:
     6 loads, 6 SLICEs
      Net
     Controller_inst.Controller_RHD_FIFO_1.SPI_Master_CS_1.SPI_Master_1.n33526:
     3 loads, 3 SLICEs
      Net
     Controller_inst.Controller_RHD_FIFO_1.SPI_Master_CS_1.SPI_Master_1.n33536:
     4 loads, 4 SLICEs
      Net Controller_inst.Controller_RHD_FIFO_1.FIFO_1.lscc_fifo_inst.fifo0._FAB
     RIC.u_fifo.wr_addr_nxt_w_0__N_1976: 9 loads, 9 SLICEs
      Net Controller_inst.Controller_RHD_FIFO_1.FIFO_1.lscc_fifo_inst.fifo0._FAB
     RIC.u_fifo.rd_addr_nxt_w_0__N_1985: 9 loads, 9 SLICEs
      Net Controller_inst.Controller_RHD_FIFO_1.FIFO_1.lscc_fifo_inst.fifo0._FAB
     RIC.u_fifo.rd_fifo_en_w: 1 loads, 0 SLICEs
      Net Controller_inst.Controller_RHD_FIFO_1.FIFO_1.lscc_fifo_inst.fifo0._FAB
     RIC.u_fifo.wr_fifo_en_w: 1 loads, 0 SLICEs

                                    Page 3





Design Summary (cont)
---------------------
   Number of LSRs:  4
      Net o_reset_c_N_2170: 2 loads, 2 SLICEs
      Net o_reset_c: 999 loads, 999 SLICEs
      Net maxfan_replicated_net_1080: 80 loads, 80 SLICEs
      Net maxfan_replicated_net_999: 969 loads, 969 SLICEs
   Top 10 highest fanout non-clock nets:
      Net maxfan_replicated_net_999: 1000 loads
      Net o_reset_c: 1000 loads
      Net Controller_inst.int_STM32_TX_DV: 535 loads
      Net Controller_inst.n19746: 512 loads
      Net Controller_inst.SPI_Master_CS_STM32_1.SPI_Master_1.r_TX_Bit_Count[1]:
     221 loads
      Net Controller_inst.SPI_Master_CS_STM32_1.SPI_Master_1.r_TX_Bit_Count[0]:
     154 loads
      Net VCC_net: 106 loads
      Net maxfan_replicated_net_1080: 81 loads
      Net Controller_inst.SPI_Master_CS_STM32_1.SPI_Master_1.r_TX_Bit_Count[2]:
     58 loads
      Net stim_burst_counter[0]: 58 loads





   Number of warnings:  6
   Number of errors:    0

Design Errors/Warnings
----------------------

INFO <52291017> - map: Port 'RGB0_OUT' is located on BB_OD pad '39'. Its IO
     buffer is mapped to BB_OD accordingly. Please notice PULLMODE is not
     applicable to BB_OD.
INFO <52291017> - map: Port 'RGB1_OUT' is located on BB_OD pad '40'. Its IO
     buffer is mapped to BB_OD accordingly. Please notice PULLMODE is not
     applicable to BB_OD.
INFO <52291017> - map: Port 'RGB2_OUT' is located on BB_OD pad '41'. Its IO
     buffer is mapped to BB_OD accordingly. Please notice PULLMODE is not
     applicable to BB_OD.
WARNING <71003020> - map: Top module port 'i_RHS_TOP_SPI_MISO_2' does not
     connect to anything.
WARNING <71003020> - map: Top module port 'i_RHS_BOTTOM_SPI_MISO_2' does not
     connect to anything.
WARNING <71003020> - map: Top module port 'i_RHS_SEL' does not connect to
     anything.
WARNING <71003020> - map: Top module port 'i_RHS_TOP_SPI_MISO_2' does not
     connect to anything.
WARNING <71003020> - map: Top module port 'i_RHS_BOTTOM_SPI_MISO_2' does not
     connect to anything.
WARNING <71003020> - map: Top module port 'i_RHS_SEL' does not connect to
     anything.

IO (PIO) Attributes
-------------------

+---------------------+-----------+-----------+-------+-------+-----------+
| IO Name             | Direction | Levelmode |  IO   |  IO   | Special   |
|                     |           |  IO_TYPE  |  REG  |  DDR  | IO Buffer |

                                    Page 4





IO (PIO) Attributes (cont)
--------------------------
+---------------------+-----------+-----------+-------+-------+-----------+
| o_STM32_SPI4_CS_n   | BIDIR     |           |       |       |           |
+---------------------+-----------+-----------+-------+-------+-----------+
| o_STM32_SPI4_Clk    | BIDIR     |           |       |       |           |
+---------------------+-----------+-----------+-------+-------+-----------+
| o_STM32_SPI4_MOSI   | BIDIR     |           |       |       |           |
+---------------------+-----------+-----------+-------+-------+-----------+
| i_BLE_SYNC          | INPUT     |           |       |       |           |
+---------------------+-----------+-----------+-------+-------+-----------+
| i_NUM_CHANNEL_SEL   | INPUT     |           |       |       |           |
+---------------------+-----------+-----------+-------+-------+-----------+
| i_RHS_STIM_START    | INPUT     |           |       |       |           |
+---------------------+-----------+-----------+-------+-------+-----------+
| i_CH_BANK_SEL       | INPUT     |           |       |       |           |
+---------------------+-----------+-----------+-------+-------+-----------+
| i_START_SAMPLING    | INPUT     |           |       |       |           |
+---------------------+-----------+-----------+-------+-------+-----------+
| i_RHS_BOTTOM_SPI_MISO_1| INPUT     |           |       |       |           |
+---------------------+-----------+-----------+-------+-------+-----------+
| i_RHS_TOP_SPI_MISO_1| INPUT     |           |       |       |           |
+---------------------+-----------+-----------+-------+-------+-----------+
| i_clk               | INPUT     |           |       |       |           |
+---------------------+-----------+-----------+-------+-------+-----------+
| o_reset             | OUTPUT    |           |       |       |           |
+---------------------+-----------+-----------+-------+-------+-----------+
| o_Controller_Mode[0]| OUTPUT    |           |       |       |           |
+---------------------+-----------+-----------+-------+-------+-----------+
| o_Controller_Mode[1]| OUTPUT    |           |       |       |           |
+---------------------+-----------+-----------+-------+-------+-----------+
| o_Controller_Mode[2]| OUTPUT    |           |       |       |           |
+---------------------+-----------+-----------+-------+-------+-----------+
| o_Controller_Mode[3]| OUTPUT    |           |       |       |           |
+---------------------+-----------+-----------+-------+-------+-----------+
| LED4_OUT            | OUTPUT    |           |       |       |           |
+---------------------+-----------+-----------+-------+-------+-----------+
| LED3_OUT            | OUTPUT    |           |       |       |           |
+---------------------+-----------+-----------+-------+-------+-----------+
| LED2_OUT            | OUTPUT    |           |       |       |           |
+---------------------+-----------+-----------+-------+-------+-----------+
| LED1_OUT            | OUTPUT    |           |       |       |           |
+---------------------+-----------+-----------+-------+-------+-----------+
| o_BOOST_ENABLE      | OUTPUT    |           |       |       |           |
+---------------------+-----------+-----------+-------+-------+-----------+
| o_RHS_BOTTOM_SPI_CS_n_2| OUTPUT    |           |       |       |           |
+---------------------+-----------+-----------+-------+-------+-----------+
| o_RHS_BOTTOM_SPI_CS_n_1| OUTPUT    |           |       |       |           |
+---------------------+-----------+-----------+-------+-------+-----------+
| o_RHS_BOTTOM_SPI_Clk| OUTPUT    |           |       |       |           |
+---------------------+-----------+-----------+-------+-------+-----------+
| o_RHS_BOTTOM_SPI_MOSI| OUTPUT    |           |       |       |           |
+---------------------+-----------+-----------+-------+-------+-----------+
| o_RHS_TOP_SPI_CS_n_2| OUTPUT    |           |       |       |           |
+---------------------+-----------+-----------+-------+-------+-----------+
| o_RHS_TOP_SPI_CS_n_1| OUTPUT    |           |       |       |           |
+---------------------+-----------+-----------+-------+-------+-----------+
| o_RHS_TOP_SPI_Clk   | OUTPUT    |           |       |       |           |
+---------------------+-----------+-----------+-------+-------+-----------+

                                    Page 5





IO (PIO) Attributes (cont)
--------------------------
| o_RHS_TOP_SPI_MOSI  | OUTPUT    |           |       |       |           |
+---------------------+-----------+-----------+-------+-------+-----------+
| i_STM32_SPI4_MISO   | OUTPUT    |           |       |       |           |
+---------------------+-----------+-----------+-------+-------+-----------+
| RGB0_OUT            | OUTPUT    |           |       |       | OD        |
+---------------------+-----------+-----------+-------+-------+-----------+
| RGB2_OUT            | OUTPUT    |           |       |       | OD        |
+---------------------+-----------+-----------+-------+-------+-----------+
| RGB1_OUT            | OUTPUT    |           |       |       | OD        |
+---------------------+-----------+-----------+-------+-------+-----------+

PLL/DLL Summary
---------------

PLL 1:                                 Pin/Node Value
  PLL Instance Name:                            pll_inst/lscc_pll_inst/u_PLL_B
  Input Reference Clock:               PIN      i_clk_c
  Output Clock(CoreA):                          NONE
  Output Clock(GlobalA):               NODE     pll_clk_int
  Output Clock(CoreB):                          NONE
  Output Clock(GlobalB):                        NONE
  Feedback input:                      NODE
       pll_inst.lscc_pll_inst.feedback_w
  Internal Feedback output:            NODE
       pll_inst.lscc_pll_inst.feedback_w
  BYPASS signal:                                GND
  LATCH signal:                                 GND
  Lock Signal:                                  NONE
  Input Clock Frequency (MHz):                  NA
  Reference Divider:                            0
  Feedback Divider:                             63
  VCO Divider:                                  4
  ENABLE_ICEGATE_PORTA:                         0
  ENABLE_ICEGATE_PORTB:                         0
  PLLOUT_SELECT_PORTA:                          GENCLK
  PLLOUT_SELECT_PORTB:                          GENCLK
  SHIFTREG_DIV_MODE:                            0
  DELAY_ADJUSTMENT_MODE_RELATIVE:               FIXED
  FDA_RELATIVE:                                 0
  FEEDBACK_PATH:                                SIMPLE
  DELAY_ADJUSTMENT_MODE_FEEDBACK:               FIXED
  FDA_FEEDBACK:                                 0
  FILTER_RANGE:                                 1
  EXTERNAL_DIVIDE_FACTOR:                       NONE
  TEST Mode:                                    0

ASIC Components
---------------

Instance Name: pll_inst/lscc_pll_inst/u_PLL_B
         Type: PLL
Instance Name: Controller_inst/Controller_RHD_FIFO_1/FIFO_1/lscc_fifo_inst/fifo0
     /_FABRIC.u_fifo/waddr_r_0__I_0
         Type: EBR




                                    Page 6





Constraint Summary
------------------

   Total number of constraints: 26
   Total number of constraints dropped: 0

Run Time and Memory Usage
-------------------------

   Total CPU Time: 1 secs
   Total REAL Time: 2 secs
   Peak Memory Usage: 114 MB
Checksum -- map: 6282fd93942f06233a5670cbdc9d63eb2db283a7















































                                    Page 7


Copyright (c) 1991-1994 by NeoCAD Inc. All rights reserved.
Copyright (c) 1995
     AT&T Corp.   All rights reserved.
Copyright (c) 1995-2001 Lucent
     Technologies Inc.  All rights reserved.
Copyright (c) 2001 Agere Systems
     All rights reserved.
Copyright (c) 2002-2023 Lattice Semiconductor
     Corporation,  All rights reserved.
