Lattice Timing Report -  Setup  and Hold, Version Radiant Software (64-bit) 2023.2.1.288.0

Fri Aug 21 10:30:28 2026

Copyright (c) 1991-1994 by NeoCAD Inc. All rights reserved.
Copyright (c) 1995 AT&T Corp.   All rights reserved.
Copyright (c) 1995-2001 Lucent Technologies Inc.  All rights reserved.
Copyright (c) 2001 Agere Systems   All rights reserved.
Copyright (c) 2002-2023 Lattice Semiconductor Corporation,  All rights reserved.

Command line:    timing -sethld -v 10 -u 10 -endpoints 10 -nperend 1 -sp High-Performance_1.2V -hsp m -pwrprd -html -rpt FPGA_Intan_Driver_impl_1.twr FPGA_Intan_Driver_impl_1.udb -gui -msgset C:/Users/david/Desktop/WiFi Headstage/WiFiHeadstage V2/FPGA/FPGA_RHS_Driver/promote.xml

-----------------------------------------
Design:          top_level
Family:          iCE40UP
Device:          iCE40UP5K
Package:         SG48
Performance:     High-Performance_1.2V
Package Status:                     Preliminary    Version 1.5
**Performance Hardware Data Status :   Advanced Version 1.0
-----------------------------------------


=====================================================================
                    Table of Contents
=====================================================================
    1  Timing Overview
        1.1  SDC Constraints
        1.2  Constraint Coverage
        1.3  Overall Summary
        1.4  Unconstrained Report
        1.5  Combinational Loop
        1.6  Error/Warning Messages
    2  Setup at Speed Grade High-Performance_1.2V Corner at 100 Degrees
        2.1  Clock Summary
        2.2  Endpoint slacks
        2.3  Detailed Report
    3  Hold at Speed Grade m Corner at -40 Degrees
        3.1  Endpoint slacks
        3.2  Detailed Report

=====================================================================
                    End of Table of Contents
=====================================================================

==============================================
1  Timing Overview
==============================================

1.1  SDC Constraints
=====================
[IGNORED:]create_generated_clock -name {pll_clk_int} -source [get_pins pll_inst.lscc_pll_inst.u_PLL_B/REFERENCECLK] -multiply_by 4 [get_pins pll_inst.lscc_pll_inst.u_PLL_B/OUTGLOBAL]

1.2  Constraint Coverage
---------------------------
Constraint Coverage: 0%


1.3  Overall Summary
---------------------------
 Setup at Speed Grade High-Performance_1.2V Corner at 100 Degrees     Timing Errors: 0 endpoints;  Total Negative Slack: 0.000 ns 
 Hold at Speed Grade m Corner at -40 Degrees                          Timing Errors: 0 endpoints;  Total Negative Slack: 0.000 ns 

1.4  Unconstrained Report
===========================

1.4.1  Unconstrained Start/End Points
--------------------------------------

Clocked but unconstrained timing start points
--------------------------------------------------
There is no start point satisfying reporting criteria


Clocked but unconstrained timing end points
-------------------------------------------------------------------
         Listing 10 End Points          |           Type           
-------------------------------------------------------------------
reset_counter_1634__i27/D               |    No arrival or required
reset_counter_1634__i26/D               |    No arrival or required
reset_counter_1634__i25/D               |    No arrival or required
reset_counter_1634__i24/D               |    No arrival or required
reset_counter_1634__i23/D               |    No arrival or required
reset_counter_1634__i22/D               |    No arrival or required
reset_counter_1634__i21/D               |    No arrival or required
reset_counter_1634__i20/D               |    No arrival or required
reset_counter_1634__i19/D               |    No arrival or required
reset_counter_1634__i18/D               |    No arrival or required
-------------------------------------------------------------------
                                        |                          
Number of unconstrained timing end poin |                          
ts                                      |                      4231
                                        |                          
-------------------------------------------------------------------

1.4.2  Start/End Points Without Timing Constraints
---------------------------------------------------

I/O ports without constraint
----------------------------
Possible constraints to use on I/O ports are:
set_input_delay,
set_output_delay,
set_max_delay,
create_clock,
create_generated_clock,
...

-------------------------------------------------------------------
     Listing 10 Start or End Points     |           Type           
-------------------------------------------------------------------
o_STM32_SPI4_CS_n                       |                     input
o_STM32_SPI4_Clk                        |                     input
o_STM32_SPI4_MOSI                       |                     input
i_BLE_SYNC                              |                     input
i_NUM_CHANNEL_SEL                       |                     input
i_RHS_STIM_START                        |                     input
i_CH_BANK_SEL                           |                     input
i_START_SAMPLING                        |                     input
i_RHS_BOTTOM_SPI_MISO_1                 |                     input
i_RHS_TOP_SPI_MISO_1                    |                     input
-------------------------------------------------------------------
                                        |                          
Number of I/O ports without constraint  |                        29
                                        |                          
-------------------------------------------------------------------

Nets without clock definition
Define a clock on a top level port or a generated clock on a clock divider pin associated with this net(s).
--------------------------------------------------
There is no instance satisfying reporting criteria



1.5  Combinational Loop
========================
Combinational Loops
-------------------
++++ Loop1
i25884_3_lut_4_lut/D	->	i25884_3_lut_4_lut/Z

++++ Loop2
i25886_3_lut_4_lut/D	->	i25886_3_lut_4_lut/Z

++++ Loop3
o_RHS_TOP_SPI_CS_n_1_c_I_0_3_lut_4_lut/A	->	o_RHS_TOP_SPI_CS_n_1_c_I_0_3_lut_4_lut/Z

++++ Loop4
o_RHS_TOP_SPI_CS_n_2_c_I_0_4_lut/A	->	o_RHS_TOP_SPI_CS_n_2_c_I_0_4_lut/Z

++++ Loop5
i25888_3_lut_4_lut/D	->	i25888_3_lut_4_lut/Z

++++ Loop6
o_RHS_TOP_SPI_Clk_c_I_0_3_lut_4_lut/A	->	o_RHS_TOP_SPI_Clk_c_I_0_3_lut_4_lut/Z

++++ Loop7
i25896_3_lut_4_lut/D	->	i25896_3_lut_4_lut/Z

++++ Loop8
o_RHS_TOP_SPI_MOSI_c_I_0_3_lut_4_lut/A	->	o_RHS_TOP_SPI_MOSI_c_I_0_3_lut_4_lut/Z

++++ Loop9
i21_3_lut_4_lut/D	->	i21_3_lut_4_lut/Z

++++ Loop10
i5375_3_lut/A	->	i5375_3_lut/Z

++++ Loop11
Controller_inst/i17039_2_lut/A	->	Controller_inst/i17039_2_lut/Z

++++ Loop12
Controller_inst/i16928_2_lut/A	->	Controller_inst/i16928_2_lut/Z

++++ Loop13
Controller_inst/i16900_2_lut/A	->	Controller_inst/i16900_2_lut/Z

++++ Loop14
Controller_inst/i17029_2_lut/A	->	Controller_inst/i17029_2_lut/Z

++++ Loop15
Controller_inst/i16971_2_lut/A	->	Controller_inst/i16971_2_lut/Z

++++ Loop16
Controller_inst/i16925_2_lut/A	->	Controller_inst/i16925_2_lut/Z

++++ Loop17
Controller_inst/i17028_2_lut/A	->	Controller_inst/i17028_2_lut/Z

++++ Loop18
Controller_inst/i17041_2_lut/A	->	Controller_inst/i17041_2_lut/Z

++++ Loop19
Controller_inst/i17040_2_lut/A	->	Controller_inst/i17040_2_lut/Z

++++ Loop20
Controller_inst/i17038_2_lut/A	->	Controller_inst/i17038_2_lut/Z

++++ Loop21
Controller_inst/i17037_2_lut/A	->	Controller_inst/i17037_2_lut/Z

++++ Loop22
Controller_inst/i17036_2_lut/A	->	Controller_inst/i17036_2_lut/Z

++++ Loop23
Controller_inst/i17035_2_lut/A	->	Controller_inst/i17035_2_lut/Z

++++ Loop24
Controller_inst/i17032_2_lut/A	->	Controller_inst/i17032_2_lut/Z

++++ Loop25
Controller_inst/i17031_2_lut/A	->	Controller_inst/i17031_2_lut/Z

++++ Loop26
Controller_inst/i17027_2_lut/A	->	Controller_inst/i17027_2_lut/Z

++++ Loop27
Controller_inst/i16970_2_lut/A	->	Controller_inst/i16970_2_lut/Z

++++ Loop28
Controller_inst/i17030_2_lut/A	->	Controller_inst/i17030_2_lut/Z

++++ Loop29
Controller_inst/i17026_2_lut/A	->	Controller_inst/i17026_2_lut/Z

++++ Loop30
Controller_inst/i16976_2_lut/A	->	Controller_inst/i16976_2_lut/Z

++++ Loop31
Controller_inst/i17012_2_lut/A	->	Controller_inst/i17012_2_lut/Z

++++ Loop32
Controller_inst/i16988_2_lut/A	->	Controller_inst/i16988_2_lut/Z

++++ Loop33
Controller_inst/i16930_2_lut/A	->	Controller_inst/i16930_2_lut/Z

++++ Loop34
Controller_inst/i16991_2_lut/A	->	Controller_inst/i16991_2_lut/Z

++++ Loop35
Controller_inst/i16929_2_lut/A	->	Controller_inst/i16929_2_lut/Z

++++ Loop36
Controller_inst/i17025_2_lut/A	->	Controller_inst/i17025_2_lut/Z

++++ Loop37
Controller_inst/i16977_2_lut/A	->	Controller_inst/i16977_2_lut/Z

++++ Loop38
Controller_inst/i17023_2_lut/A	->	Controller_inst/i17023_2_lut/Z

++++ Loop39
Controller_inst/i16978_2_lut/A	->	Controller_inst/i16978_2_lut/Z

++++ Loop40
Controller_inst/i17022_2_lut/A	->	Controller_inst/i17022_2_lut/Z

++++ Loop41
Controller_inst/i16982_2_lut/A	->	Controller_inst/i16982_2_lut/Z

++++ Loop42
Controller_inst/i17004_2_lut/A	->	Controller_inst/i17004_2_lut/Z


1.6  Error/Warning Messages
============================
WARNING "70001944" - No source clock for
	generated clock	create_generated_clock -name {pll_clk_int} -source [get_pins {pll_inst/lscc_pll_inst/u_PLL_B/REFERENCECLK}] -multiply_by 4 [get_pins {pll_inst/lscc_pll_inst/u_PLL_B/OUTGLOBAL }] .

===============================================================
2  Setup at Speed Grade High-Performance_1.2V Corner at 100 Degrees
===============================================================

2.1  Clock Summary
=======================

2.1.1 Clock "pll_clk_int"
=======================
create_generated_clock -name {pll_clk_int} -source [get_pins {pll_inst/lscc_pll_inst/u_PLL_B/REFERENCECLK}] -multiply_by 4 [get_pins {pll_inst/lscc_pll_inst/u_PLL_B/OUTGLOBAL }] 

Single Clock Domain
-------------------------------------------------------------------------------------------------------
           Clock pll_clk_int            |                    |       Period       |     Frequency      
-------------------------------------------------------------------------------------------------------
 From pll_clk_int                       |             Target |               +INF |          0.000 MHz 
                                        | Actual (all paths) |           1.336 ns |        748.503 MHz 
Controller_inst/Controller_RHD_FIFO_1/FIFO_1/lscc_fifo_inst/fifo0/_FABRIC.u_fifo/waddr_r_0__I_0/RCLK (MPW)                                                                
                                        |   (50% duty cycle) |           1.336 ns |        748.503 MHz 
-------------------------------------------------------------------------------------------------------

Clock Domain Crossing

2.2  Endpoint slacks
=======================
--------------------------------------------------
There is no end point satisfying reporting criteria

Total Negative Slack: 0


2.3  Detailed Report
=======================


XXXXXXXXXXXXXXXXXXXXXXXXXXXXXXXXXXXXXXXXXXXXXXXXXXXXXXXXXX

Detail report of critical paths

XXXXXXXXXXXXXXXXXXXXXXXXXXXXXXXXXXXXXXXXXXXXXXXXXXXXXXXXXX

 +++++++++++++++++++++++++++++++++++++++++++++++++++++++++++++++++++++
                    Detailed Report for timing paths 
 +++++++++++++++++++++++++++++++++++++++++++++++++++++++++++++++++++++
 +++++++++++++++++++++++++++++++++++++++++++++++++++++++++++++++++++++
                    End of Detailed Report for timing paths 
 +++++++++++++++++++++++++++++++++++++++++++++++++++++++++++++++++++++


##########################################################



===============================================================
3  Hold at Speed Grade m Corner at -40 Degrees
===============================================================

3.1  Endpoint slacks
=======================
--------------------------------------------------
There is no end point satisfying reporting criteria

Total Negative Slack: 0


3.2  Detailed Report
=======================


XXXXXXXXXXXXXXXXXXXXXXXXXXXXXXXXXXXXXXXXXXXXXXXXXXXXXXXXXX

Detail report of critical paths

XXXXXXXXXXXXXXXXXXXXXXXXXXXXXXXXXXXXXXXXXXXXXXXXXXXXXXXXXX

 +++++++++++++++++++++++++++++++++++++++++++++++++++++++++++++++++++++
                    Detailed Report for timing paths 
 +++++++++++++++++++++++++++++++++++++++++++++++++++++++++++++++++++++
 +++++++++++++++++++++++++++++++++++++++++++++++++++++++++++++++++++++
                    End of Detailed Report for timing paths 
 +++++++++++++++++++++++++++++++++++++++++++++++++++++++++++++++++++++


##########################################################



