../Core/Src/main.c:129:5:main	80	static
../Core/Src/main.c:353:6:SystemClock_Config	96	static
../Core/Src/main.c:458:13:MX_SPI1_Init	8	static
../Core/Src/main.c:491:13:SPI4_Master_Init	32	static
../Core/Src/main.c:526:13:SPI4_Slave_Init	32	static
../Core/Src/main.c:556:13:MX_USART2_UART_Init	8	static
../Core/Src/main.c:587:13:MX_DMA_Init	16	static
../Core/Src/main.c:614:13:MX_GPIO_Init	48	static
../Core/Src/main.c:661:6:HAL_SPI_TxRxCpltCallback	24	static
../Core/Src/main.c:679:6:HAL_GPIO_EXTI_Callback	16	static
../Core/Src/main.c:703:13:Prepare_nRF_Frame	8	static
../Core/Src/main.c:729:13:Init_Intan_RHS	16	static
../Core/Src/main.c:809:13:MX_TIM11_Init	8	static
../Core/Src/main.c:841:1:__io_putchar	16	static
../Core/Src/main.c:857:6:Error_Handler	4	static,ignoring_inline_asm
