../Core/Src/main.c:126:5:main	80	static
../Core/Src/main.c:372:6:SystemClock_Config	96	static
../Core/Src/main.c:493:13:MX_SPI1_Init	8	static
../Core/Src/main.c:526:13:SPI4_Master_Init	32	static
../Core/Src/main.c:556:13:SPI4_Slave_Init	32	static
../Core/Src/main.c:586:13:MX_USART2_UART_Init	8	static
../Core/Src/main.c:617:13:MX_DMA_Init	16	static
../Core/Src/main.c:644:13:MX_GPIO_Init	48	static
../Core/Src/main.c:698:6:HAL_SPI_TxRxCpltCallback	24	static
../Core/Src/main.c:716:6:HAL_GPIO_EXTI_Callback	16	static
../Core/Src/main.c:740:13:Prepare_nRF_Frame	8	static
../Core/Src/main.c:764:13:Init_Intan	16	static
../Core/Src/main.c:791:13:Init_Intan_RHS	24	static
../Core/Src/main.c:815:13:MX_TIM11_Init	8	static
../Core/Src/main.c:847:1:__io_putchar	16	static
../Core/Src/main.c:863:6:Error_Handler	4	static,ignoring_inline_asm
